******************************************************************************
       MSP430 Evaluation Linker PC v3.2.1                      
******************************************************************************
>> Linked Mon Mar 15 11:55:36 2010

OUTPUT FILE NAME:   <TRF7960_demo.out>
ENTRY POINT SYMBOL: "_c_int00"  address: 0000ef10


MEMORY CONFIGURATION

         name            origin    length      used     unused   attr    fill
----------------------  --------  ---------  --------  --------  ----  --------
  SFR                   00000000   00000010  00000000  00000010  RWIX
  PERIPHERALS_8BIT      00000010   000000f0  00000000  000000f0  RWIX
  PERIPHERALS_16BIT     00000100   00000100  00000000  00000100  RWIX
  RAM                   00000200   00000800  000001c6  0000063a  RWIX
  INFOD                 00001000   00000040  00000000  00000040  RWIX
  INFOC                 00001040   00000040  00000000  00000040  RWIX
  INFOB                 00001080   00000040  00000000  00000040  RWIX
  INFOA                 000010c0   00000040  00000000  00000040  RWIX
  FLASH                 0000c000   00003fde  00003228  00000db6  RWIX
  INT00                 0000ffe0   00000002  00000000  00000002  RWIX
  INT01                 0000ffe2   00000002  00000000  00000002  RWIX
  INT02                 0000ffe4   00000002  00000000  00000002  RWIX
  INT03                 0000ffe6   00000002  00000002  00000000  RWIX
  INT04                 0000ffe8   00000002  00000000  00000002  RWIX
  INT05                 0000ffea   00000002  00000000  00000002  RWIX
  INT06                 0000ffec   00000002  00000000  00000002  RWIX
  INT07                 0000ffee   00000002  00000002  00000000  RWIX
  INT08                 0000fff0   00000002  00000000  00000002  RWIX
  INT09                 0000fff2   00000002  00000002  00000000  RWIX
  INT10                 0000fff4   00000002  00000000  00000002  RWIX
  INT11                 0000fff6   00000002  00000000  00000002  RWIX
  INT12                 0000fff8   00000002  00000000  00000002  RWIX
  INT13                 0000fffa   00000002  00000000  00000002  RWIX
  INT14                 0000fffc   00000002  00000000  00000002  RWIX
  RESET                 0000fffe   00000002  00000002  00000000  RWIX


SECTION ALLOCATION MAP

 output                                  attributes/
section   page    origin      length       input sections
--------  ----  ----------  ----------   ----------------
.pinit     0    0000c000    00000000     UNINITIALIZED

.bss       0    00000200    00000176     UNINITIALIZED
                  00000200    00000155     main.obj (.bss)
                  00000355    00000001     anticollision.obj (.bss)
                  00000356    0000000e     14443.obj (.bss)
                  00000364    00000006     parallel.obj (.bss)
                  0000036a    00000004     rts430.lib : _lock.obj (.bss)
                  0000036e    00000004                : boot.obj (.bss)
                  00000372    00000003     host.obj (.bss)
                  00000375    00000001     automatic.obj (.bss)

.stack     0    000009b0    00000050     UNINITIALIZED
                  000009b0    00000002     rts430.lib : boot.obj (.stack)
                  000009b2    0000004e     --HOLE--

.text      0    0000c000    0000303a     
                  0000c000    00000676     14443.obj (.text:AnticollisionLoopA)
                  0000c676    00000658     host.obj (.text:HostCommands)
                  0000ccce    00000494     anticollision.obj (.text:InventoryRequest)
                  0000d162    000003be     parallel.obj (.text:InterruptHandlerReader)
                  0000d520    000002ee     tiris.obj (.text:TIInventoryRequest)
                  0000d80e    000002e2     anticollision.obj (.text:RequestCommand)
                  0000daf0    00000234     automatic.obj (.text:FindTags)
                  0000dd24    00000210     14443.obj (.text:AnticollisionSequenceB)
                  0000df34    00000200     14443.obj (.text:Request14443A)
                  0000e134    00000182     host.obj (.text:Get_line)
                  0000e2b6    0000017e     14443.obj (.text:SelectCommand)
                  0000e434    0000011e     parallel.obj (.text:ReadCont)
                  0000e552    000000ea     14443.obj (.text:AnticollisionSequenceA)
                  0000e63c    000000e4     parallel.obj (.text:ReadSingle)
                  0000e720    000000b2     parallel.obj (.text:WriteSingle)
                  0000e7d2    000000b2     main.obj (.text:main)
                  0000e884    000000a8     parallel.obj (.text:WriteCont)
                  0000e92c    00000082     14443.obj (.text:SlotMarkerCommand)
                  0000e9ae    0000007e     parallel.obj (.text:DirectCommand)
                  0000ea2c    00000072     parallel.obj (.text:RAWwrite)
                  0000ea9e    00000064     parallel.obj (.text:Port_B)
                  0000eb02    00000064     host.obj (.text:RXhandler)
                  0000eb66    00000062     parallel.obj (.text:DirectMode)
                  0000ebc8    0000005a     hardware.obj (.text:OSCsel)
                  0000ec22    00000056     hardware.obj (.text:TimerAhandler)
                  0000ec78    00000046     rts430.lib : autoinit.obj (.text:_auto_init)
                  0000ecbe    0000003e     parallel.obj (.text:Response)
                  0000ecfc    0000003a     host.obj (.text:Put_byte)
                  0000ed36    00000032     host.obj (.text:UARTset)
                  0000ed68    00000032     hardware.obj (.text:delay_ms)
                  0000ed9a    0000002e     parallel.obj (.text:PARset)
                  0000edc8    0000002c     host.obj (.text:USARTEXTCLKset)
                  0000edf4    0000002c     host.obj (.text:USARTset)
                  0000ee20    0000002c     rts430.lib : asr16.obj (.text)
                  0000ee4c    0000002c                : lsl16.obj (.text)
                  0000ee78    00000026     host.obj (.text:BaudSet)
                  0000ee9e    00000026     anticollision.obj (.text:DisableSlotCounter)
                  0000eec4    00000026     anticollision.obj (.text:EnableSlotCounter)
                  0000eeea    00000026     host.obj (.text:Nibble2Ascii)
                  0000ef10    00000026     rts430.lib : boot.obj (.text:_c_int00_noexit)
                  0000ef36    0000001e     host.obj (.text:send_cstring)
                  0000ef54    0000001a     hardware.obj (.text:CounterSet)
                  0000ef6e    0000001a     parallel.obj (.text:InitialSettings)
                  0000ef88    00000016     parallel.obj (.text:STOPcont)
                  0000ef9e    00000016     host.obj (.text:put_bksp)
                  0000efb4    00000014     parallel.obj (.text:STOPcondition)
                  0000efc8    00000014     host.obj (.text:kputchar)
                  0000efdc    00000012     parallel.obj (.text:STARTcondition)
                  0000efee    00000012     rts430.lib : memcpy.obj (.text:memcpy)
                  0000f000    00000012     host.obj (.text:put_crlf)
                  0000f012    00000010     rts430.lib : epilog.obj (.text)
                  0000f022    0000000e     parallel.obj (.text:SPIStartCondition)
                  0000f030    00000004     rts430.lib : pre_init.obj (.text:_system_pre_init)
                  0000f034    00000004                : exit.obj (.text:abort)
                  0000f038    00000002                : _lock.obj (.text:_nop)

.const     0    0000f03a    000001d0     
                  0000f03a    000001c0     host.obj (.const:.string)
                  0000f1fa    00000010     parallel.obj (.const:.string)

.cinit     0    0000f20a    0000001e     
                  0000f20a    0000000c     parallel.obj (.cinit)
                  0000f216    00000005     host.obj (.cinit)
                  0000f21b    00000001     --HOLE-- [fill = 0]
                  0000f21c    00000005     main.obj (.cinit)
                  0000f221    00000003     --HOLE-- [fill = 0]
                  0000f224    00000004     (.pad.cinit) [fill = 0]

.int03     0    0000ffe6    00000002     
                  0000ffe6    00000002     parallel.obj (.int03)

.int07     0    0000ffee    00000002     
                  0000ffee    00000002     host.obj (.int07)

.int09     0    0000fff2    00000002     
                  0000fff2    00000002     hardware.obj (.int09)

.reset     0    0000fffe    00000002     
                  0000fffe    00000002     rts430.lib : boot.obj (.reset)


GLOBAL SYMBOLS: SORTED ALPHABETICALLY BY Name 

address    name
--------   ----
00000200   .bss
0000c000   .text
0000034e   AFI
0000c000   AnticollisionLoopA
0000e552   AnticollisionSequenceA
0000dd24   AnticollisionSequenceB
00000057   BCSCTL1
00000058   BCSCTL2
00000053   BCSCTL3
0000ee78   BaudSet
0000f034   C$$EXIT
00000059   CACTL1
0000005a   CACTL2
000010fb   CALBC1_12MHZ
000010f9   CALBC1_16MHZ
000010ff   CALBC1_1MHZ
000010fd   CALBC1_8MHZ
000010fa   CALDCO_12MHZ
000010f8   CALDCO_16MHZ
000010fe   CALDCO_1MHZ
000010fc   CALDCO_8MHZ
0000005b   CAPD
00000353   CollPoss
0000ef54   CounterSet
00000056   DCOCTL
00000366   DUMMYREAD
0000e9ae   DirectCommand
0000eb66   DirectMode
0000ee9e   DisableSlotCounter
00000373   ENABLE
0000eec4   EnableSlotCounter
00000128   FCTL1
0000012a   FCTL2
0000012c   FCTL3
0000daf0   FindTags
00000374   FirstSPIdata
00000354   GUI
0000e134   Get_line
0000c676   HostCommands
00000000   IE1
00000001   IE2
00000002   IFG1
00000003   IFG2
0000ee20   I_ASR
0000ee48   I_ASR_1
0000ee36   I_ASR_10
0000ee34   I_ASR_11
0000ee32   I_ASR_12
0000ee30   I_ASR_13
0000ee2e   I_ASR_14
0000ee2c   I_ASR_15
0000ee46   I_ASR_2
0000ee44   I_ASR_3
0000ee42   I_ASR_4
0000ee40   I_ASR_5
0000ee3e   I_ASR_6
0000ee3c   I_ASR_7
0000ee3a   I_ASR_8
0000ee38   I_ASR_9
0000ee4c   I_LSL
0000ee74   I_LSL_1
0000ee62   I_LSL_10
0000ee60   I_LSL_11
0000ee5e   I_LSL_12
0000ee5c   I_LSL_13
0000ee5a   I_LSL_14
0000ee58   I_LSL_15
0000ee72   I_LSL_2
0000ee70   I_LSL_3
0000ee6e   I_LSL_4
0000ee6c   I_LSL_5
0000ee6a   I_LSL_6
0000ee68   I_LSL_7
0000ee66   I_LSL_8
0000ee64   I_LSL_9
0000ef6e   InitialSettings
0000d162   InterruptHandlerReader
0000ccce   InventoryRequest
00000134   MAC
00000136   MACS
00000130   MPY
00000132   MPYS
0000eeea   Nibble2Ascii
00000138   OP2
0000ebc8   OSCsel
00000022   P1DIR
00000025   P1IE
00000024   P1IES
00000023   P1IFG
00000020   P1IN
00000021   P1OUT
00000027   P1REN
00000026   P1SEL
0000002a   P2DIR
0000002d   P2IE
0000002c   P2IES
0000002b   P2IFG
00000028   P2IN
00000029   P2OUT
0000002f   P2REN
0000002e   P2SEL
0000001a   P3DIR
00000018   P3IN
00000019   P3OUT
00000010   P3REN
0000001b   P3SEL
0000001e   P4DIR
0000001c   P4IN
0000001d   P4OUT
00000011   P4REN
0000001f   P4SEL
0000ed9a   PARset
00000355   POLLING
0000ea9e   Port_B
0000ecfc   Put_byte
0000ea2c   RAWwrite
0000013c   RESHI
0000013a   RESLO
0000034f   RXErrorFlag
0000034c   RXTXstate
00000372   RXdone
00000350   RXflag
0000eb02   RXhandler
0000e434   ReadCont
0000e63c   ReadSingle
0000df34   Request14443A
0000d80e   RequestCommand
0000ecbe   Response
0000f022   SPIStartCondition
0000efdc   STARTcondition
0000efb4   STOPcondition
0000ef88   STOPcont
0000013e   SUMEXT
0000e2b6   SelectCommand
0000e92c   SlotMarkerCommand
00000172   TACCR0
00000174   TACCR1
00000176   TACCR2
00000162   TACCTL0
00000164   TACCTL1
00000166   TACCTL2
00000160   TACTL
0000012e   TAIV
00000170   TAR
00000192   TBCCR0
00000194   TBCCR1
00000196   TBCCR2
00000182   TBCCTL0
00000184   TBCCTL1
00000186   TBCCTL2
00000180   TBCTL
0000011e   TBIV
00000190   TBR
0000d520   TIInventoryRequest
0000ec22   TimerAhandler
0000ed36   UARTset
0000005d   UCA0ABCTL
00000062   UCA0BR0
00000063   UCA0BR1
00000060   UCA0CTL0
00000061   UCA0CTL1
0000005f   UCA0IRRCTL
0000005e   UCA0IRTCTL
00000064   UCA0MCTL
00000066   UCA0RXBUF
00000065   UCA0STAT
00000067   UCA0TXBUF
0000006a   UCB0BR0
0000006b   UCB0BR1
00000068   UCB0CTL0
00000069   UCB0CTL1
0000006c   UCB0I2CIE
00000118   UCB0I2COA
0000011a   UCB0I2CSA
0000006e   UCB0RXBUF
0000006d   UCB0STAT
0000006f   UCB0TXBUF
0000edc8   USARTEXTCLKset
0000edf4   USARTset
00000120   WDTCTL
0000e884   WriteCont
0000e720   WriteSingle
00000a00   __STACK_END
00000050   __STACK_SIZE
00000001   __TI_args_main
00000001   __TI_auto_init
00000001   __TI_exit
ffffffff   __binit__
00000200   __bss__
ffffffff   __c_args__
0000f20a   __cinit__
00000376   __end__
0000f03a   __etext__
ffffffff   __pinit__
0000c000   __text__
0000ec78   _auto_init
0000ef10   _c_int00
0000ef10   _c_int00_noexit
0000036e   _cleanup_ptr
00000370   _dtors_ptr
0000036a   _lock
0000f038   _nop
0000fffe   _reset_vector
000009b0   _stack
0000f030   _system_pre_init
0000036c   _unlock
0000f034   abort
ffffffff   binit
00000202   buf
0000032e   buf_tmp
0000f20a   cinit
00000356   completeUID
00000352   counter
0000ed68   delay_ms
00000376   end
0000f03a   etext
0000034d   flags
0000f01e   func_epilog_1
0000f01c   func_epilog_2
0000f01a   func_epilog_3
0000f018   func_epilog_4
0000f016   func_epilog_5
0000f014   func_epilog_6
0000f012   func_epilog_7
00000351   i_reg
0000efc8   kputchar
0000e7d2   main
00000368   mask
0000efee   memcpy
ffffffff   pinit
00000375   protocol
0000ef9e   put_bksp
0000f000   put_crlf
00000200   rxdata
0000ef36   send_cstring
00000364   temp


GLOBAL SYMBOLS: SORTED BY Symbol Address 

address    name
--------   ----
00000000   IE1
00000001   IE2
00000001   __TI_args_main
00000001   __TI_auto_init
00000001   __TI_exit
00000002   IFG1
00000003   IFG2
00000010   P3REN
00000011   P4REN
00000018   P3IN
00000019   P3OUT
0000001a   P3DIR
0000001b   P3SEL
0000001c   P4IN
0000001d   P4OUT
0000001e   P4DIR
0000001f   P4SEL
00000020   P1IN
00000021   P1OUT
00000022   P1DIR
00000023   P1IFG
00000024   P1IES
00000025   P1IE
00000026   P1SEL
00000027   P1REN
00000028   P2IN
00000029   P2OUT
0000002a   P2DIR
0000002b   P2IFG
0000002c   P2IES
0000002d   P2IE
0000002e   P2SEL
0000002f   P2REN
00000050   __STACK_SIZE
00000053   BCSCTL3
00000056   DCOCTL
00000057   BCSCTL1
00000058   BCSCTL2
00000059   CACTL1
0000005a   CACTL2
0000005b   CAPD
0000005d   UCA0ABCTL
0000005e   UCA0IRTCTL
0000005f   UCA0IRRCTL
00000060   UCA0CTL0
00000061   UCA0CTL1
00000062   UCA0BR0
00000063   UCA0BR1
00000064   UCA0MCTL
00000065   UCA0STAT
00000066   UCA0RXBUF
00000067   UCA0TXBUF
00000068   UCB0CTL0
00000069   UCB0CTL1
0000006a   UCB0BR0
0000006b   UCB0BR1
0000006c   UCB0I2CIE
0000006d   UCB0STAT
0000006e   UCB0RXBUF
0000006f   UCB0TXBUF
00000118   UCB0I2COA
0000011a   UCB0I2CSA
0000011e   TBIV
00000120   WDTCTL
00000128   FCTL1
0000012a   FCTL2
0000012c   FCTL3
0000012e   TAIV
00000130   MPY
00000132   MPYS
00000134   MAC
00000136   MACS
00000138   OP2
0000013a   RESLO
0000013c   RESHI
0000013e   SUMEXT
00000160   TACTL
00000162   TACCTL0
00000164   TACCTL1
00000166   TACCTL2
00000170   TAR
00000172   TACCR0
00000174   TACCR1
00000176   TACCR2
00000180   TBCTL
00000182   TBCCTL0
00000184   TBCCTL1
00000186   TBCCTL2
00000190   TBR
00000192   TBCCR0
00000194   TBCCR1
00000196   TBCCR2
00000200   .bss
00000200   __bss__
00000200   rxdata
00000202   buf
0000032e   buf_tmp
0000034c   RXTXstate
0000034d   flags
0000034e   AFI
0000034f   RXErrorFlag
00000350   RXflag
00000351   i_reg
00000352   counter
00000353   CollPoss
00000354   GUI
00000355   POLLING
00000356   completeUID
00000364   temp
00000366   DUMMYREAD
00000368   mask
0000036a   _lock
0000036c   _unlock
0000036e   _cleanup_ptr
00000370   _dtors_ptr
00000372   RXdone
00000373   ENABLE
00000374   FirstSPIdata
00000375   protocol
00000376   __end__
00000376   end
000009b0   _stack
00000a00   __STACK_END
000010f8   CALDCO_16MHZ
000010f9   CALBC1_16MHZ
000010fa   CALDCO_12MHZ
000010fb   CALBC1_12MHZ
000010fc   CALDCO_8MHZ
000010fd   CALBC1_8MHZ
000010fe   CALDCO_1MHZ
000010ff   CALBC1_1MHZ
0000c000   .text
0000c000   AnticollisionLoopA
0000c000   __text__
0000c676   HostCommands
0000ccce   InventoryRequest
0000d162   InterruptHandlerReader
0000d520   TIInventoryRequest
0000d80e   RequestCommand
0000daf0   FindTags
0000dd24   AnticollisionSequenceB
0000df34   Request14443A
0000e134   Get_line
0000e2b6   SelectCommand
0000e434   ReadCont
0000e552   AnticollisionSequenceA
0000e63c   ReadSingle
0000e720   WriteSingle
0000e7d2   main
0000e884   WriteCont
0000e92c   SlotMarkerCommand
0000e9ae   DirectCommand
0000ea2c   RAWwrite
0000ea9e   Port_B
0000eb02   RXhandler
0000eb66   DirectMode
0000ebc8   OSCsel
0000ec22   TimerAhandler
0000ec78   _auto_init
0000ecbe   Response
0000ecfc   Put_byte
0000ed36   UARTset
0000ed68   delay_ms
0000ed9a   PARset
0000edc8   USARTEXTCLKset
0000edf4   USARTset
0000ee20   I_ASR
0000ee2c   I_ASR_15
0000ee2e   I_ASR_14
0000ee30   I_ASR_13
0000ee32   I_ASR_12
0000ee34   I_ASR_11
0000ee36   I_ASR_10
0000ee38   I_ASR_9
0000ee3a   I_ASR_8
0000ee3c   I_ASR_7
0000ee3e   I_ASR_6
0000ee40   I_ASR_5
0000ee42   I_ASR_4
0000ee44   I_ASR_3
0000ee46   I_ASR_2
0000ee48   I_ASR_1
0000ee4c   I_LSL
0000ee58   I_LSL_15
0000ee5a   I_LSL_14
0000ee5c   I_LSL_13
0000ee5e   I_LSL_12
0000ee60   I_LSL_11
0000ee62   I_LSL_10
0000ee64   I_LSL_9
0000ee66   I_LSL_8
0000ee68   I_LSL_7
0000ee6a   I_LSL_6
0000ee6c   I_LSL_5
0000ee6e   I_LSL_4
0000ee70   I_LSL_3
0000ee72   I_LSL_2
0000ee74   I_LSL_1
0000ee78   BaudSet
0000ee9e   DisableSlotCounter
0000eec4   EnableSlotCounter
0000eeea   Nibble2Ascii
0000ef10   _c_int00
0000ef10   _c_int00_noexit
0000ef36   send_cstring
0000ef54   CounterSet
0000ef6e   InitialSettings
0000ef88   STOPcont
0000ef9e   put_bksp
0000efb4   STOPcondition
0000efc8   kputchar
0000efdc   STARTcondition
0000efee   memcpy
0000f000   put_crlf
0000f012   func_epilog_7
0000f014   func_epilog_6
0000f016   func_epilog_5
0000f018   func_epilog_4
0000f01a   func_epilog_3
0000f01c   func_epilog_2
0000f01e   func_epilog_1
0000f022   SPIStartCondition
0000f030   _system_pre_init
0000f034   C$$EXIT
0000f034   abort
0000f038   _nop
0000f03a   __etext__
0000f03a   etext
0000f20a   __cinit__
0000f20a   cinit
0000fffe   _reset_vector
ffffffff   __binit__
ffffffff   __c_args__
ffffffff   __pinit__
ffffffff   binit
ffffffff   pinit

[236 symbols]
